// Vitest Snapshot v1, https://vitest.dev/guide/snapshot.html

exports[`app > POST /markdown_to_html > it retains input html 1`] = `"<p>This is <strong>bold</strong> and this is a mention <span class="mention" data-type="mention" data-id="abcdefabcdef" data-label="User Name" data-role="member" data-username="username">@User Name</span>.</p>"`;

exports[`app > POST /markdown_to_html > it returns chat html 1`] = `"<p>Heading 1</p><p>Heading 2</p><p>Heading 3</p><p>Heading 4</p><p>Heading 5</p><p>Heading 6</p><p>This is a paragraph with <strong>bold</strong> and italics.</p><p>Bullet one</p><p>Bullet two</p><p>Number one</p><p>Number two</p><p>const foo = "bar"</p><p>Hard breakSoft break</p><p>HeaderHeaderHeaderCellCellCellCellCellCell</p><p>And <a target="_blank" rel="noopener noreferrer nofollow" class="prose-link" href="https://linear.app/campsite/issue/CAM-6845/normalize-notes"><span>here</span></a> is a link. With a <code spellcheck="false">inline code</code> mark.</p>"`;

exports[`app > POST /markdown_to_html > it returns markdown html 1`] = `"<h1>Heading 1</h1><h2>Heading 2</h2><h3>Heading 3</h3><h4>Heading 4</h4><h5>Heading 5</h5><h6>Heading 6</h6><p>This is a paragraph with <strong>bold</strong> and italics.</p><ul><li><p>Bullet one</p></li><li><p>Bullet two</p></li></ul><ol><li><p>Number one</p></li><li><p>Number two</p></li></ol><pre spellcheck="false"><code>const foo = "bar"</code></pre><p>Hard break<br>Soft break</p><div data-hr-wrapper="true"><hr></div><p><a target="_blank" rel="noopener noreferrer nofollow" class="prose-link" href="https://github.com/campsite/campsite/assets/739696/49b398b1-8c03-4255-a759-21b8b53a3f5d"><span>CleanShot 2024-03-22 at 16 42 23@2x</span></a></p><p>HeaderHeaderHeaderCellCellCellCellCellCell</p><blockquote><p>Ullamco eiusmod laborum minim nulla adipisicing incididunt occaecat consequat non ipsum ex qui excepteur culpa.</p></blockquote><p>And <a target="_blank" rel="noopener noreferrer nofollow" class="prose-link" href="https://linear.app/campsite/issue/CAM-6845/normalize-notes"><span>here</span></a> is a link. With a <code spellcheck="false">inline code</code> mark.</p>"`;

exports[`app > POST /markdown_to_html > it returns note html 1`] = `"<h1>Heading 1</h1><h2>Heading 2</h2><h3>Heading 3</h3><h4>Heading 4</h4><h5>Heading 5</h5><h6>Heading 6</h6><p>This is a paragraph with <strong>bold</strong> and italics.</p><ul><li><p>Bullet one</p></li><li><p>Bullet two</p></li></ul><ol><li><p>Number one</p></li><li><p>Number two</p></li></ol><pre spellcheck="false"><code>const foo = "bar"</code></pre><p>Hard break<br>Soft break</p><div data-hr-wrapper="true"><hr></div><p><a target="_blank" rel="noopener noreferrer nofollow" class="prose-link" href="https://github.com/campsite/campsite/assets/739696/49b398b1-8c03-4255-a759-21b8b53a3f5d"><span>CleanShot 2024-03-22 at 16 42 23@2x</span></a></p><p>HeaderHeaderHeaderCellCellCellCellCellCell</p><blockquote><p>Ullamco eiusmod laborum minim nulla adipisicing incididunt occaecat consequat non ipsum ex qui excepteur culpa.</p></blockquote><p>And <a target="_blank" rel="noopener noreferrer nofollow" class="prose-link" href="https://linear.app/campsite/issue/CAM-6845/normalize-notes"><span>here</span></a> is a link. With a <code spellcheck="false">inline code</code> mark.</p>"`;

exports[`app > POST /markdown_to_html > it trims whitespace 1`] = `"<h1>Foo bar</h1><p>Cat dog</p>"`;
